=== stage 'transform' started 2026-09-04T01:38:45Z ===
input PLY: /Users/jakob/Downloads/Splat test/splat/scene.ply (450M)

+ splat-transform summary (--summary is what 2.7.1 calls the old --info)
+ splat-transform /Users/jakob/Downloads/Splat test/splat/scene.ply null --summary
splat-transform v2.7.1 (b42b60c)
▸ [1/1] Input /Users/jakob/Downloads/Splat test/splat/scene.ply
  ▸ Reading
    ▸ decoding [####################] 0.372s
  · 2M gaussians · 3 SH bands · 450.1MB
# Summary

**Row Count:** 2000000

| Column    | min        | max       | median     | mean       | stdDev   | nans | infs | histogram        |
|-----------|------------|-----------|------------|------------|----------|------|------|------------------|
| f_dc_0    | -0.119271  | 1.78152   | 0.71567    | 0.646752   | 0.833332 | 0    | 0    | ▂▃▄▃▃▄▆█▇▅▃▁▁▁▁▁ |
| f_dc_1    | -0.146742  | 1.90578   | 0.628094   | 0.569379   | 0.838307 | 0    | 0    | ▁▆▄▃▄▆▇█▅▃▁▁▁▁▁▁ |
| f_dc_2    | -0.140306  | 2.03327   | 0.558664   | 0.523124   | 0.836247 | 0    | 0    | ▂▇▄▄▆▇█▆▃▂▁▁▁▁▁▁ |
| f_rest_0  | -0.447976  | 0.371152  | 0.00011    | 0.001584   | 0.041661 | 0    | 0    | ▁▁▁▁▁▁▁▂█▅▁▁▁▁▁▁ |
| f_rest_1  | -0.38784   | 0.397042  | -0.00149   | -0.000389  | 0.047047 | 0    | 0    | ▁▁▁▁▁▁▃█▆▂▁▁▁▁▁▁ |
| f_rest_10 | -0.482821  | 0.451319  | -0.000501  | -0.001682  | 0.050083 | 0    | 0    | ▁▁▁▁▁▁▁▅█▂▁▁▁▁▁▁ |
| f_rest_11 | -0.409958  | 0.467828  | 0.00014    | -0.000043  | 0.051305 | 0    | 0    | ▁▁▁▁▁▁▄█▄▁▁▁▁▁▁▁ |
| f_rest_12 | -0.373696  | 0.444511  | -0.000607  | -0.000348  | 0.054487 | 0    | 0    | ▁▁▁▁▁▂▅█▃▁▁▁▁▁▁▁ |
| f_rest_13 | -0.429925  | 0.433965  | -0.002596  | -0.003552  | 0.054178 | 0    | 0    | ▁▁▁▁▁▁▃█▇▂▁▁▁▁▁▁ |
| f_rest_14 | -0.424927  | 0.470313  | 0.003664   | 0.005832   | 0.055646 | 0    | 0    | ▁▁▁▁▁▁▃█▄▂▁▁▁▁▁▁ |
| f_rest_15 | -0.448749  | 0.343149  | -0.004134  | -0.004738  | 0.04173  | 0    | 0    | ▁▁▁▁▁▁▁▂█▇▂▁▁▁▁▁ |
| f_rest_16 | -0.414197  | 0.41898   | -0.003033  | -0.003516  | 0.046754 | 0    | 0    | ▁▁▁▁▁▁▂█▆▂▁▁▁▁▁▁ |
| f_rest_17 | -0.379182  | 0.358242  | 0.005263   | 0.005111   | 0.044064 | 0    | 0    | ▁▁▁▁▁▁▁▄█▃▁▁▁▁▁▁ |
| f_rest_18 | -0.452746  | 0.405268  | -0.003509  | -0.002701  | 0.047392 | 0    | 0    | ▁▁▁▁▁▁▁▄█▃▁▁▁▁▁▁ |
| f_rest_19 | -0.440384  | 0.472814  | 0.001471   | 0.002048   | 0.048772 | 0    | 0    | ▁▁▁▁▁▁▂█▅▁▁▁▁▁▁▁ |
| f_rest_2  | -0.338015  | 0.370264  | 0.007598   | 0.007592   | 0.044366 | 0    | 0    | ▁▁▁▁▁▁▃█▆▂▁▁▁▁▁▁ |
| f_rest_20 | -0.384778  | 0.373839  | 0.002058   | 0.004415   | 0.047005 | 0    | 0    | ▁▁▁▁▁▁▂▆█▃▁▁▁▁▁▁ |
| f_rest_21 | -0.403866  | 0.465101  | -0.003654  | -0.005969  | 0.05019  | 0    | 0    | ▁▁▁▁▁▁▄█▃▁▁▁▁▁▁▁ |
| f_rest_22 | -0.406063  | 0.464697  | 0.007184   | 0.006914   | 0.046624 | 0    | 0    | ▁▁▁▁▁▁▃█▄▁▁▁▁▁▁▁ |
| f_rest_23 | -0.437881  | 0.37635   | -0.00326   | -0.004919  | 0.049254 | 0    | 0    | ▁▁▁▁▁▁▁▃█▄▁▁▁▁▁▁ |
| f_rest_24 | -0.459567  | 0.447957  | -0.000516  | -0.002418  | 0.051476 | 0    | 0    | ▁▁▁▁▁▁▂▆█▂▁▁▁▁▁▁ |
| f_rest_25 | -0.499419  | 0.400939  | -0.003535  | -0.006205  | 0.050357 | 0    | 0    | ▁▁▁▁▁▁▁▂█▅▁▁▁▁▁▁ |
| f_rest_26 | -0.42453   | 0.433789  | -0.001258  | -0.002572  | 0.051658 | 0    | 0    | ▁▁▁▁▁▁▃█▆▂▁▁▁▁▁▁ |
| f_rest_27 | -0.39568   | 0.36481   | -0.000684  | -0.001411  | 0.054232 | 0    | 0    | ▁▁▁▁▁▁▂▅█▄▁▁▁▁▁▁ |
| f_rest_28 | -0.416182  | 0.437327  | -0.000631  | -0.001807  | 0.053764 | 0    | 0    | ▁▁▁▁▁▁▃█▅▂▁▁▁▁▁▁ |
| f_rest_29 | -0.411237  | 0.450643  | 0.00446    | 0.007433   | 0.054967 | 0    | 0    | ▁▁▁▁▁▁▃█▅▂▁▁▁▁▁▁ |
| f_rest_3  | -0.40211   | 0.404029  | -0.002863  | -0.001148  | 0.047197 | 0    | 0    | ▁▁▁▁▁▁▂█▆▂▁▁▁▁▁▁ |
| f_rest_30 | -0.451934  | 0.346392  | -0.005452  | -0.00671   | 0.041987 | 0    | 0    | ▁▁▁▁▁▁▁▂█▇▂▁▁▁▁▁ |
| f_rest_31 | -0.434733  | 0.407787  | -0.004263  | -0.005916  | 0.048322 | 0    | 0    | ▁▁▁▁▁▁▂▆█▃▁▁▁▁▁▁ |
| f_rest_32 | -0.401563  | 0.330467  | 0.003288   | 0.003164   | 0.045297 | 0    | 0    | ▁▁▁▁▁▁▁▃█▆▂▁▁▁▁▁ |
| f_rest_33 | -0.455637  | 0.424423  | -0.004509  | -0.005435  | 0.048629 | 0    | 0    | ▁▁▁▁▁▁▁▅█▂▁▁▁▁▁▁ |
| f_rest_34 | -0.428341  | 0.448627  | 0.001617   | 0.00247    | 0.050181 | 0    | 0    | ▁▁▁▁▁▁▂█▆▂▁▁▁▁▁▁ |
| f_rest_35 | -0.393838  | 0.413929  | 0.004445   | 0.008035   | 0.048252 | 0    | 0    | ▁▁▁▁▁▁▂█▆▂▁▁▁▁▁▁ |
| f_rest_36 | -0.401351  | 0.435276  | -0.006332  | -0.010057  | 0.051579 | 0    | 0    | ▁▁▁▁▁▁▄█▄▁▁▁▁▁▁▁ |
| f_rest_37 | -0.424107  | 0.432056  | 0.003057   | 0.003214   | 0.048129 | 0    | 0    | ▁▁▁▁▁▁▂█▇▂▁▁▁▁▁▁ |
| f_rest_38 | -0.455841  | 0.382789  | -0.004633  | -0.00699   | 0.050048 | 0    | 0    | ▁▁▁▁▁▁▁▃█▄▁▁▁▁▁▁ |
| f_rest_39 | -0.45807   | 0.450184  | -0.000901  | -0.003854  | 0.053002 | 0    | 0    | ▁▁▁▁▁▁▂▆█▂▁▁▁▁▁▁ |
| f_rest_4  | -0.429681  | 0.465393  | 0.00262    | 0.002709   | 0.048035 | 0    | 0    | ▁▁▁▁▁▁▃█▅▁▁▁▁▁▁▁ |
| f_rest_40 | -0.448382  | 0.386024  | -0.003429  | -0.006499  | 0.051705 | 0    | 0    | ▁▁▁▁▁▁▁▄█▄▁▁▁▁▁▁ |
| f_rest_41 | -0.434881  | 0.407691  | -0.001876  | -0.003712  | 0.053389 | 0    | 0    | ▁▁▁▁▁▁▂▅█▃▁▁▁▁▁▁ |
| f_rest_42 | -0.427217  | 0.400016  | -0.001887  | -0.003803  | 0.055518 | 0    | 0    | ▁▁▁▁▁▁▂▅█▃▁▁▁▁▁▁ |
| f_rest_43 | -0.444148  | 0.437878  | -0.000511  | -0.001962  | 0.055957 | 0    | 0    | ▁▁▁▁▁▁▂▆█▃▁▁▁▁▁▁ |
| f_rest_44 | -0.422454  | 0.424414  | 0.004395   | 0.007964   | 0.056366 | 0    | 0    | ▁▁▁▁▁▁▂▇█▃▁▁▁▁▁▁ |
| f_rest_5  | -0.422075  | 0.381347  | 0.000706   | 0.001768   | 0.047529 | 0    | 0    | ▁▁▁▁▁▁▁▄█▃▁▁▁▁▁▁ |
| f_rest_6  | -0.397552  | 0.475035  | -0.000738  | -0.00096   | 0.050082 | 0    | 0    | ▁▁▁▁▁▁▅█▃▁▁▁▁▁▁▁ |
| f_rest_7  | -0.382743  | 0.458495  | 0.011343   | 0.011491   | 0.047143 | 0    | 0    | ▁▁▁▁▁▁▃█▃▁▁▁▁▁▁▁ |
| f_rest_8  | -0.456617  | 0.366447  | 0.00066    | 0.001448   | 0.049623 | 0    | 0    | ▁▁▁▁▁▁▁▂█▆▂▁▁▁▁▁ |
| f_rest_9  | -0.449316  | 0.401538  | -0.000183  | -0.00128   | 0.050632 | 0    | 0    | ▁▁▁▁▁▁▁▄█▃▁▁▁▁▁▁ |
| opacity   | 0.00645074 | 0.999894  | 0.12543    | 0.135238   | 0.769791 | 0    | 0    | ▁▃▆█▅▂▁▁▁▁▁▁▁▁▁▁ |
| rot_0     | -0.999962  | 0.999972  | -0.00052   | -0.001147  | 0.500897 | 0    | 0    | ▃▄▅▆▆▆▇▇█▇▆▆▆▅▄▃ |
| rot_1     | -0.999984  | 0.999992  | 0.001776   | 0.001003   | 0.49944  | 0    | 0    | ▃▄▅▆▆▆▇▇█▇▆▆▆▅▄▃ |
| rot_2     | -0.99999   | 0.999964  | 0.00062    | 0.000589   | 0.500226 | 0    | 0    | ▃▄▅▆▆▆▇█▇▇▆▆▆▅▄▃ |
| rot_3     | -0.999966  | 0.999981  | -0.001919  | -0.001611  | 0.49943  | 0    | 0    | ▃▄▅▆▆▆▇█▇▇▆▆▆▅▄▃ |
| scale_0   | 2.93201e-7 | 18.454    | 0.00538117 | 0.00440899 | 6.02589  | 0    | 0    | ▁▁▁▁▁▁▂▅█▇▄▁▁▁▁▁ |
| scale_1   | 2.92416e-7 | 61.1377   | 0.00531452 | 0.00437016 | 5.95872  | 0    | 0    | ▁▁▁▁▁▂▃▆█▅▂▁▁▁▁▁ |
| scale_2   | 2.82159e-7 | 32.3664   | 0.0053479  | 0.00437164 | 6.04324  | 0    | 0    | ▁▁▁▁▁▁▃▅█▆▃▁▁▁▁▁ |
| x         | -49.826195 | 49.416008 | -0.700585  | -0.436869  | 3.62555  | 0    | 0    | ▁▁▁▁▁▁▂█▇▁▁▁▁▁▁▁ |
| y         | -44.07914  | 50.804729 | 0.542337   | 0.380224   | 1.196639 | 0    | 0    | ▁▁▁▁▁▁▁█▁▁▁▁▁ ▁▁ |
| z         | -50.753685 | 53.510006 | -1.054301  | -0.736202  | 2.465168 | 0    | 0    | ▁▁▁▁▁▁▁█▂▁▁▁▁▁▁▁ |
done in 2.812s  [peak 728.4MB]
  -> exit 0 after 3s
  splat count: 2000000

+ deriving crop box, world up and start camera from the COLMAP model
+ /Users/jakob/Downloads/Splat test/.venv/bin/python /Users/jakob/Downloads/Splat test/scripts/scene_info.py --model /Users/jakob/Downloads/Splat test/colmap/sparse/1 --inflate 0.5 --out-box /Users/jakob/Downloads/Splat test/splat/cropbox.txt --out-json /Users/jakob/Downloads/Splat test/web/assets/scene-info.json
camera centres:   918
  camera AABB:    [-5.793, -1.496, -4.595] .. [5.458, 2.034, 3.392]  (diagonal 14.242)
  inflated by 0.50 x diagonal = 7.121 per side
  sparse points:  312177, p99.5 AABB [-7.893, -1.910, -8.357] .. [6.569, 3.166, 5.484]
  final crop box: -12.9140,-8.6170,-11.7155,12.5785,9.1548,10.5127
  box size:       25.49 x 17.77 x 22.23
  world up:       [0.030, -0.984, -0.176]
  start camera:   00221.jpg at [-0.538, 0.587, -0.276] looking at [3.679, 2.411, -2.210]
  wrote /Users/jakob/Downloads/Splat test/web/assets/scene-info.json
  -> exit 0 after 1s
  box: -12.9140,-8.6170,-11.7155,12.5785,9.1548,10.5127

+ filtering NaN/Inf and cropping to the box
+ splat-transform -w /Users/jakob/Downloads/Splat test/splat/scene.ply --filter-nan --filter-box -12.9140,-8.6170,-11.7155,12.5785,9.1548,10.5127 /Users/jakob/Downloads/Splat test/splat/scene_crop.ply
splat-transform v2.7.1 (b42b60c)
▸ [1/2] Input /Users/jakob/Downloads/Splat test/splat/scene.ply
  ▸ Reading
    ▸ decoding [####################] 0.363s
  · 2M gaussians · 3 SH bands · 450.1MB
  ▸ Filter NaN
    · no change
  ▸ Filter box
    · removed 3.08K gaussians
▸ [2/2] Output /Users/jakob/Downloads/Splat test/splat/scene_crop.ply
  · 2M gaussians · 3 SH bands · 449.4MB
  ▸ Writing
    · scene_crop.ply (449.4MB)
done in 12.097s  [peak 1.46GB]
  -> exit 0 after 12s
  splats: 2000000 -> 1996915 (kept 99.8%)
  using: /Users/jakob/Downloads/Splat test/splat/scene_crop.ply -> splat/final.ply (449M)

+ rendering poster frame (camera -0.53768,0.58655,-0.27599, look-at 3.67887,2.41051,-2.20994, up 0.03010,-0.98400,-0.17560)
+ splat-transform -w /Users/jakob/Downloads/Splat test/splat/final.ply /Users/jakob/Downloads/Splat test/web/assets/poster.webp --camera -0.53768,0.58655,-0.27599 --look-at 3.67887,2.41051,-2.20994 --up 0.03010,-0.98400,-0.17560 --fov 70 --resolution 1280x720 --background 0.08,0.09,0.11,1
splat-transform v2.7.1 (b42b60c)
▸ [1/2] Input /Users/jakob/Downloads/Splat test/splat/final.ply
  ▸ Reading
    ▸ decoding [####################] 0.354s
  · 2M gaussians · 3 SH bands · 449.4MB
▸ [2/2] Output /Users/jakob/Downloads/Splat test/web/assets/poster.webp
  · 2M gaussians · 3 SH bands · 449.4MB
  ▸ Render
    · 1280x720 fov 70°
    ▸ Cull
    ▸ rasterizing [####################] 1.279s
    ▸ Encoding
    · poster.webp (776.3KB)
done in 3.672s  [peak 751.1MB]
  -> exit 0 after 4s
  poster: 780K

+ SOG compression (GPU first, -g cpu on failure)
+ splat-transform -w /Users/jakob/Downloads/Splat test/splat/final.ply /Users/jakob/Downloads/Splat test/web/assets/scene.sog
splat-transform v2.7.1 (b42b60c)
▸ [1/2] Input /Users/jakob/Downloads/Splat test/splat/final.ply
  ▸ Reading
    ▸ decoding [####################] 0.355s
  · 2M gaussians · 3 SH bands · 449.4MB
▸ [2/2] Output /Users/jakob/Downloads/Splat test/web/assets/scene.sog
  · 2M gaussians · 3 SH bands · 449.4MB
  ▸ Writing
    ▸ k-means [####################] 2m35.630s
    · scene.sog (29.7MB)
done in 2m39.562s  [peak 1.35GB]
  -> exit 0 after 159s

  PLY: 449M  ->  SOG:  30M
  ratio: 15.1x

viewer asset kind: sog
